// Jest Snapshot v1, https://goo.gl/fbAQLP

exports[`should render App component 1`] = `
<div
  className="app-container"
>
  <header
    className="header"
  />
  <div
    className="store"
  />
</div>
`;
